<!DOCTYPE html>
<html lang="en">
<head>
    <meta http-equiv="refresh" content="0;URL=../../combine/parser/error/fn.expected.html">
</head>
<body>
    <p>Redirecting to <a href="../../combine/parser/error/fn.expected.html">../../combine/parser/error/fn.expected.html</a>...</p>
    <script>location.replace("../../combine/parser/error/fn.expected.html" + location.search + location.hash);</script>
</body>
</html>