<!DOCTYPE html>
<html lang="en">
<head>
    <meta http-equiv="refresh" content="0;URL=../../combine/parser/error/struct.Expected.html">
</head>
<body>
    <p>Redirecting to <a href="../../combine/parser/error/struct.Expected.html">../../combine/parser/error/struct.Expected.html</a>...</p>
    <script>location.replace("../../combine/parser/error/struct.Expected.html" + location.search + location.hash);</script>
</body>
</html>